  Determining projects to restore...
C:\Users\obake\Downloads\GrandTour\system design projects\ride-sharing-system\src\Api\RideSharing.Api.csproj : warning NU1903: Package 'Npgsql' 8.0.0 has a known high severity vulnerability, https://github.com/advisories/GHSA-x9vc-6hfv-hg8c [C:\Users\obake\Downloads\GrandTour\system design projects\ride-sharing-system\ride-sharing-system.sln]
  All projects are up-to-date for restore.
C:\Users\obake\Downloads\GrandTour\system design projects\ride-sharing-system\src\Api\RideSharing.Api.csproj : warning NU1903: Package 'Npgsql' 8.0.0 has a known high severity vulnerability, https://github.com/advisories/GHSA-x9vc-6hfv-hg8c
C:\Users\obake\Downloads\GrandTour\system design projects\ride-sharing-system\src\Api\Controllers\HealthController.cs(156,80): error CS1002: ; expected [C:\Users\obake\Downloads\GrandTour\system design projects\ride-sharing-system\src\Api\RideSharing.Api.csproj]
C:\Users\obake\Downloads\GrandTour\system design projects\ride-sharing-system\src\Api\Controllers\HealthController.cs(156,80): error CS1513: } expected [C:\Users\obake\Downloads\GrandTour\system design projects\ride-sharing-system\src\Api\RideSharing.Api.csproj]
C:\Users\obake\Downloads\GrandTour\system design projects\ride-sharing-system\src\Api\Controllers\HealthController.cs(157,50): error CS1002: ; expected [C:\Users\obake\Downloads\GrandTour\system design projects\ride-sharing-system\src\Api\RideSharing.Api.csproj]
C:\Users\obake\Downloads\GrandTour\system design projects\ride-sharing-system\src\Api\Controllers\HealthController.cs(158,14): error CS1519: Invalid token ')' in a member declaration [C:\Users\obake\Downloads\GrandTour\system design projects\ride-sharing-system\src\Api\RideSharing.Api.csproj]
C:\Users\obake\Downloads\GrandTour\system design projects\ride-sharing-system\src\Api\Controllers\HealthController.cs(160,57): error CS1001: Identifier expected [C:\Users\obake\Downloads\GrandTour\system design projects\ride-sharing-system\src\Api\RideSharing.Api.csproj]
C:\Users\obake\Downloads\GrandTour\system design projects\ride-sharing-system\src\Api\Controllers\HealthController.cs(168,1): error CS1529: A using clause must precede all other elements defined in the namespace except extern alias declarations [C:\Users\obake\Downloads\GrandTour\system design projects\ride-sharing-system\src\Api\RideSharing.Api.csproj]
C:\Users\obake\Downloads\GrandTour\system design projects\ride-sharing-system\src\Api\Controllers\HealthController.cs(169,1): error CS1529: A using clause must precede all other elements defined in the namespace except extern alias declarations [C:\Users\obake\Downloads\GrandTour\system design projects\ride-sharing-system\src\Api\RideSharing.Api.csproj]
C:\Users\obake\Downloads\GrandTour\system design projects\ride-sharing-system\src\Api\Controllers\HealthController.cs(161,5): error CS1022: Type or namespace definition, or end-of-file expected [C:\Users\obake\Downloads\GrandTour\system design projects\ride-sharing-system\src\Api\RideSharing.Api.csproj]
C:\Users\obake\Downloads\GrandTour\system design projects\ride-sharing-system\src\Api\Controllers\HealthController.cs(162,1): error CS1022: Type or namespace definition, or end-of-file expected [C:\Users\obake\Downloads\GrandTour\system design projects\ride-sharing-system\src\Api\RideSharing.Api.csproj]

Build FAILED.

C:\Users\obake\Downloads\GrandTour\system design projects\ride-sharing-system\src\Api\RideSharing.Api.csproj : warning NU1903: Package 'Npgsql' 8.0.0 has a known high severity vulnerability, https://github.com/advisories/GHSA-x9vc-6hfv-hg8c [C:\Users\obake\Downloads\GrandTour\system design projects\ride-sharing-system\ride-sharing-system.sln]
C:\Users\obake\Downloads\GrandTour\system design projects\ride-sharing-system\src\Api\RideSharing.Api.csproj : warning NU1903: Package 'Npgsql' 8.0.0 has a known high severity vulnerability, https://github.com/advisories/GHSA-x9vc-6hfv-hg8c
C:\Users\obake\Downloads\GrandTour\system design projects\ride-sharing-system\src\Api\Controllers\HealthController.cs(156,80): error CS1002: ; expected [C:\Users\obake\Downloads\GrandTour\system design projects\ride-sharing-system\src\Api\RideSharing.Api.csproj]
C:\Users\obake\Downloads\GrandTour\system design projects\ride-sharing-system\src\Api\Controllers\HealthController.cs(156,80): error CS1513: } expected [C:\Users\obake\Downloads\GrandTour\system design projects\ride-sharing-system\src\Api\RideSharing.Api.csproj]
C:\Users\obake\Downloads\GrandTour\system design projects\ride-sharing-system\src\Api\Controllers\HealthController.cs(157,50): error CS1002: ; expected [C:\Users\obake\Downloads\GrandTour\system design projects\ride-sharing-system\src\Api\RideSharing.Api.csproj]
C:\Users\obake\Downloads\GrandTour\system design projects\ride-sharing-system\src\Api\Controllers\HealthController.cs(158,14): error CS1519: Invalid token ')' in a member declaration [C:\Users\obake\Downloads\GrandTour\system design projects\ride-sharing-system\src\Api\RideSharing.Api.csproj]
C:\Users\obake\Downloads\GrandTour\system design projects\ride-sharing-system\src\Api\Controllers\HealthController.cs(160,57): error CS1001: Identifier expected [C:\Users\obake\Downloads\GrandTour\system design projects\ride-sharing-system\src\Api\RideSharing.Api.csproj]
C:\Users\obake\Downloads\GrandTour\system design projects\ride-sharing-system\src\Api\Controllers\HealthController.cs(168,1): error CS1529: A using clause must precede all other elements defined in the namespace except extern alias declarations [C:\Users\obake\Downloads\GrandTour\system design projects\ride-sharing-system\src\Api\RideSharing.Api.csproj]
C:\Users\obake\Downloads\GrandTour\system design projects\ride-sharing-system\src\Api\Controllers\HealthController.cs(169,1): error CS1529: A using clause must precede all other elements defined in the namespace except extern alias declarations [C:\Users\obake\Downloads\GrandTour\system design projects\ride-sharing-system\src\Api\RideSharing.Api.csproj]
C:\Users\obake\Downloads\GrandTour\system design projects\ride-sharing-system\src\Api\Controllers\HealthController.cs(161,5): error CS1022: Type or namespace definition, or end-of-file expected [C:\Users\obake\Downloads\GrandTour\system design projects\ride-sharing-system\src\Api\RideSharing.Api.csproj]
C:\Users\obake\Downloads\GrandTour\system design projects\ride-sharing-system\src\Api\Controllers\HealthController.cs(162,1): error CS1022: Type or namespace definition, or end-of-file expected [C:\Users\obake\Downloads\GrandTour\system design projects\ride-sharing-system\src\Api\RideSharing.Api.csproj]
    2 Warning(s)
    9 Error(s)

Time Elapsed 00:00:08.21
